# avxemu reference: patchtest
# recorded on real silicon; only the lines that are not comments are compared
# cpu: Intel(R) Core(TM) i7-5650U CPU @ 2.20GHz
# os: Darwin 24.6.0
# cc: Apple LLVM 17.0.0 (clang-1700.0.13.5)
lzcnt64	74	c9b353f2be8dd455
tzcnt64	74	b3d89b24e51ca99e
lzcnt32	74	84f16ff30d5482b3
tzcnt32	74	7ff7843ffa86c7c1
lzcnt_mem	74	c9b353f2be8dd455
